// Jest Snapshot v1, https://goo.gl/fbAQLP

exports[`the getIsLoading HOC should return false from context 1`] = `"false"`;

exports[`the getIsLoading HOC should return the isLoading value (true) from the component 1`] = `"true"`;

exports[`the getIsLoading HOC should return true from context 1`] = `"true"`;
