// Jest Snapshot v1, https://goo.gl/fbAQLP

exports[`the home page should render 1`] = `
Array [
  .c0 {
  font-size: 2.6875rem;
  font-weight: 900;
  line-height: 3.0906249999999997rem;
  margin: initial;
}

<h1
    className="c0 sc-1dj0tjq-2 kEIKSh"
  >
    My page
  </h1>,
  <ul>
    <li>
      <a
        href="/boom"
        onClick={[Function]}
        onMouseEnter={[Function]}
      >
        Boom
      </a>
    </li>
    <li>
      <a
        href="/my-groups"
        onClick={[Function]}
        onMouseEnter={[Function]}
      >
        My Groups
      </a>
    </li>
  </ul>,
]
`;
