// Jest Snapshot v1, https://goo.gl/fbAQLP

exports[`the home page should render 1`] = `
Array [
  <h1
    className="sc-1dj0tjq-0 jxTIiJ ui-kit-H1-StyledH1"
  >
    My page
  </h1>,
  <ul>
    <li>
      <a
        href="/boom"
        onClick={[Function]}
        onMouseEnter={[Function]}
      >
        Boom
      </a>
    </li>
  </ul>,
]
`;
