// Jest Snapshot v1, https://goo.gl/fbAQLP

exports[`the H1 component should accept and render passed in styles 1`] = `
<h1
  className="sc-1dj0tjq-0 eKKMjd ui-kit-typography-H1-StyledH1"
  style={
    Object {
      "color": "salmon",
    }
  }
>
  Salmon text
</h1>
`;

exports[`the H1 component should render 1`] = `
<h1
  className="sc-1dj0tjq-0 eKKMjd ui-kit-typography-H1-StyledH1"
>
  Default H1 text
</h1>
`;

exports[`the H1 component should render a loading state 1`] = `
<mark
  className="ra2rjz-0 gJMToV H1 show-loading-animation ui-kit.Placeholder.Line custom-placeholder"
  width="100%"
/>
`;

exports[`the H1 component should render with vertical rhythm (padded) 1`] = `
<h1
  className="sc-1dj0tjq-0 jEnxjM ui-kit-typography-H1-StyledH1"
>
  H1 text with vertical rhythm styled via margin.
</h1>
`;
