// Jest Snapshot v1, https://goo.gl/fbAQLP

exports[`the H5 component should accept and render passed in styles 1`] = `
<h5
  className="sc-1hocjyp-0 dhcvWr ui-kit-typography-H5-StyledH5"
  style={
    Object {
      "color": "salmon",
    }
  }
>
  Salmon text
</h5>
`;

exports[`the H5 component should render 1`] = `
<h5
  className="sc-1hocjyp-0 dhcvWr ui-kit-typography-H5-StyledH5"
>
  Default H5 text
</h5>
`;

exports[`the H5 component should render a loading state 1`] = `
<mark
  className="ra2rjz-0 gJMToV H5 show-loading-animation ui-kit.Placeholder.Line custom-placeholder"
  width="100%"
/>
`;

exports[`the H5 component should render with vertical rhythm (padded) 1`] = `
<h5
  className="sc-1hocjyp-0 egaYBw ui-kit-typography-H5-StyledH5"
>
  H5 text with vertical rhythm styled via margin.
</h5>
`;
