// Jest Snapshot v1, https://goo.gl/fbAQLP

exports[`The Typography placeholder should render 1`] = `
<mark
  className="ra2rjz-0 gJMToV h1 ui-kit.Placeholder.Line custom-placeholder"
  width="100%"
/>
`;

exports[`The Typography placeholder should render children 1`] = `
<h1
  className="sc-1dj0tjq-0 eKKMjd ui-kit-typography-H1-StyledH1"
>
  Boom
</h1>
`;
